<?xml version="1.0" ?>
<FlowMonitor>
  <FlowStats>
    <Flow flowId="1" timeFirstTxPacket="+200000000.0ns" timeFirstRxPacket="+210092800.0ns" timeLastTxPacket="+60020172798.0ns" timeLastRxPacket="+60030259197.0ns" delaySum="+174926495990.0ns" jitterSum="+107936001.0ns" lastDelay="+10086399.0ns" txBytes="15742340" rxBytes="15727612" txPackets="14968" rxPackets="14954" lostPackets="12" timesForwarded="0">
      <delayHistogram nBins="21" >
        <bin index="10" start="0.01" width="0.001" count="4" />
        <bin index="11" start="0.011" width="0.001" count="14906" />
        <bin index="12" start="0.012" width="0.001" count="1" />
        <bin index="13" start="0.013" width="0.001" count="11" />
        <bin index="14" start="0.014" width="0.001" count="1" />
        <bin index="15" start="0.015" width="0.001" count="13" />
        <bin index="16" start="0.016" width="0.001" count="9" />
        <bin index="17" start="0.017" width="0.001" count="1" />
        <bin index="18" start="0.018" width="0.001" count="6" />
        <bin index="20" start="0.02" width="0.001" count="2" />
      </delayHistogram>
      <jitterHistogram nBins="9" >
        <bin index="0" start="0" width="0.001" count="14901" />
        <bin index="1" start="0.001" width="0.001" count="45" />
        <bin index="2" start="0.002" width="0.001" count="2" />
        <bin index="3" start="0.003" width="0.001" count="2" />
        <bin index="5" start="0.005" width="0.001" count="1" />
        <bin index="6" start="0.006" width="0.001" count="1" />
        <bin index="8" start="0.008" width="0.001" count="1" />
      </jitterHistogram>
      <packetSizeHistogram nBins="53" >
        <bin index="2" start="40" width="20" count="4" />
        <bin index="52" start="1040" width="20" count="14950" />
      </packetSizeHistogram>
      <flowInterruptionsHistogram nBins="0" >
      </flowInterruptionsHistogram>
    </Flow>
    <Flow flowId="2" timeFirstTxPacket="+210092800.0ns" timeFirstRxPacket="+220185600.0ns" timeLastTxPacket="+60010086399.0ns" timeLastRxPacket="+60020172798.0ns" delaySum="+76051454861.0ns" jitterSum="+6401.0ns" lastDelay="+10086399.0ns" txBytes="392084" rxBytes="392084" txPackets="7540" rxPackets="7540" lostPackets="0" timesForwarded="0">
      <delayHistogram nBins="11" >
        <bin index="10" start="0.01" width="0.001" count="7540" />
      </delayHistogram>
      <jitterHistogram nBins="1" >
        <bin index="0" start="0" width="0.001" count="7539" />
      </jitterHistogram>
      <packetSizeHistogram nBins="3" >
        <bin index="2" start="40" width="20" count="7540" />
      </packetSizeHistogram>
      <flowInterruptionsHistogram nBins="0" >
      </flowInterruptionsHistogram>
    </Flow>
  </FlowStats>
  <Ipv4FlowClassifier>
    <Flow flowId="1" sourceAddress="10.1.1.1" destinationAddress="10.1.1.2" protocol="6" sourcePort="49153" destinationPort="8080" />
    <Flow flowId="2" sourceAddress="10.1.1.2" destinationAddress="10.1.1.1" protocol="6" sourcePort="8080" destinationPort="49153" />
  </Ipv4FlowClassifier>
  <Ipv6FlowClassifier>
  </Ipv6FlowClassifier>
  <FlowProbes>
    <FlowProbe index="0">
      <FlowStats  flowId="1" packets="14968" bytes="15742340" delayFromFirstProbeSum="+0.0ns" >
      </FlowStats>
      <FlowStats  flowId="2" packets="7540" bytes="392084" delayFromFirstProbeSum="+76051454861.0ns" >
      </FlowStats>
    </FlowProbe>
    <FlowProbe index="1">
    </FlowProbe>
    <FlowProbe index="2">
      <FlowStats  flowId="1" packets="14954" bytes="15727612" delayFromFirstProbeSum="+174926495990.0ns" >
      </FlowStats>
      <FlowStats  flowId="2" packets="7540" bytes="392084" delayFromFirstProbeSum="+0.0ns" >
      </FlowStats>
    </FlowProbe>
    <FlowProbe index="3">
    </FlowProbe>
  </FlowProbes>
</FlowMonitor>
